------------------------------------------------------------
TimeQuest Timing Analyzer Summary
------------------------------------------------------------

Type  : Slow 1200mV 85C Model Setup 'vir_clock'
Slack : 3.085
TNS   : 0.000

Type  : Slow 1200mV 85C Model Setup 'clk1'
Slack : 4.023
TNS   : 0.000

Type  : Slow 1200mV 85C Model Hold 'clk1'
Slack : 0.310
TNS   : 0.000

Type  : Slow 1200mV 85C Model Hold 'vir_clock'
Slack : 6.449
TNS   : 0.000

Type  : Slow 1200mV 85C Model Minimum Pulse Width 'clk1'
Slack : 4.527
TNS   : 0.000

Type  : Slow 1200mV 0C Model Setup 'vir_clock'
Slack : 3.753
TNS   : 0.000

Type  : Slow 1200mV 0C Model Setup 'clk1'
Slack : 4.422
TNS   : 0.000

Type  : Slow 1200mV 0C Model Hold 'clk1'
Slack : 0.277
TNS   : 0.000

Type  : Slow 1200mV 0C Model Hold 'vir_clock'
Slack : 5.864
TNS   : 0.000

Type  : Slow 1200mV 0C Model Minimum Pulse Width 'clk1'
Slack : 4.555
TNS   : 0.000

Type  : Fast 1200mV 0C Model Setup 'clk1'
Slack : 6.630
TNS   : 0.000

Type  : Fast 1200mV 0C Model Setup 'vir_clock'
Slack : 6.967
TNS   : 0.000

Type  : Fast 1200mV 0C Model Hold 'clk1'
Slack : 0.102
TNS   : 0.000

Type  : Fast 1200mV 0C Model Hold 'vir_clock'
Slack : 2.794
TNS   : 0.000

Type  : Fast 1200mV 0C Model Minimum Pulse Width 'clk1'
Slack : 4.410
TNS   : 0.000

------------------------------------------------------------
