------------------------------------------------------------
TimeQuest Timing Analyzer Summary
------------------------------------------------------------

Type  : Slow 1200mV 85C Model Setup 'b2v_inst|altpll_component|auto_generated|pll1|clk[1]'
Slack : 7.874
TNS   : 0.000

Type  : Slow 1200mV 85C Model Setup 'b2v_inst|altpll_component|auto_generated|pll1|clk[0]'
Slack : 8.042
TNS   : 0.000

Type  : Slow 1200mV 85C Model Hold 'b2v_inst|altpll_component|auto_generated|pll1|clk[0]'
Slack : 0.330
TNS   : 0.000

Type  : Slow 1200mV 85C Model Hold 'b2v_inst|altpll_component|auto_generated|pll1|clk[1]'
Slack : 0.330
TNS   : 0.000

Type  : Slow 1200mV 85C Model Minimum Pulse Width 'b2v_inst|altpll_component|auto_generated|pll1|clk[1]'
Slack : 4.737
TNS   : 0.000

Type  : Slow 1200mV 85C Model Minimum Pulse Width 'MAX10_CLK1_50'
Slack : 9.724
TNS   : 0.000

Type  : Slow 1200mV 85C Model Minimum Pulse Width 'b2v_inst|altpll_component|auto_generated|pll1|clk[0]'
Slack : 19.737
TNS   : 0.000

Type  : Slow 1200mV 0C Model Setup 'b2v_inst|altpll_component|auto_generated|pll1|clk[1]'
Slack : 8.063
TNS   : 0.000

Type  : Slow 1200mV 0C Model Setup 'b2v_inst|altpll_component|auto_generated|pll1|clk[0]'
Slack : 8.225
TNS   : 0.000

Type  : Slow 1200mV 0C Model Hold 'b2v_inst|altpll_component|auto_generated|pll1|clk[0]'
Slack : 0.299
TNS   : 0.000

Type  : Slow 1200mV 0C Model Hold 'b2v_inst|altpll_component|auto_generated|pll1|clk[1]'
Slack : 0.299
TNS   : 0.000

Type  : Slow 1200mV 0C Model Minimum Pulse Width 'b2v_inst|altpll_component|auto_generated|pll1|clk[1]'
Slack : 4.721
TNS   : 0.000

Type  : Slow 1200mV 0C Model Minimum Pulse Width 'MAX10_CLK1_50'
Slack : 9.758
TNS   : 0.000

Type  : Slow 1200mV 0C Model Minimum Pulse Width 'b2v_inst|altpll_component|auto_generated|pll1|clk[0]'
Slack : 19.723
TNS   : 0.000

Type  : Fast 1200mV 0C Model Setup 'b2v_inst|altpll_component|auto_generated|pll1|clk[1]'
Slack : 8.999
TNS   : 0.000

Type  : Fast 1200mV 0C Model Setup 'b2v_inst|altpll_component|auto_generated|pll1|clk[0]'
Slack : 9.026
TNS   : 0.000

Type  : Fast 1200mV 0C Model Hold 'b2v_inst|altpll_component|auto_generated|pll1|clk[0]'
Slack : 0.152
TNS   : 0.000

Type  : Fast 1200mV 0C Model Hold 'b2v_inst|altpll_component|auto_generated|pll1|clk[1]'
Slack : 0.152
TNS   : 0.000

Type  : Fast 1200mV 0C Model Minimum Pulse Width 'b2v_inst|altpll_component|auto_generated|pll1|clk[1]'
Slack : 4.776
TNS   : 0.000

Type  : Fast 1200mV 0C Model Minimum Pulse Width 'MAX10_CLK1_50'
Slack : 9.524
TNS   : 0.000

Type  : Fast 1200mV 0C Model Minimum Pulse Width 'b2v_inst|altpll_component|auto_generated|pll1|clk[0]'
Slack : 19.778
TNS   : 0.000

------------------------------------------------------------
